../Drivers/CMSIS/Include/core_cm3.h:1511:22:__NVIC_EnableIRQ	16	static
../Drivers/CMSIS/Include/core_cm3.h:1639:22:__NVIC_SetPriority	16	static
../Core/Src/main.c:127:5:main	152	static,ignoring_inline_asm
../Core/Src/main.c:202:6:SystemClock_Config	72	static
../Core/Src/main.c:242:13:MX_TIM2_Init	64	static
../Core/Src/main.c:302:13:MX_DMA_Init	16	static
../Core/Src/main.c:315:13:MX_GPIO_Init	40	static
../Core/Src/main.c:359:6:SysTick_Init	16	static
../Core/Src/main.c:378:6:SysTick_Handler	4	static
../Core/Src/main.c:389:6:LED_Init	4	static
../Core/Src/main.c:401:6:LED_Toggle	4	static
../Core/Src/main.c:406:6:Delay_Init	16	static
../Core/Src/main.c:416:5:Delay_Start	16	static
../Core/Src/main.c:427:6:Delay_Stop	16	static
../Core/Src/main.c:434:5:Delay_Completed	16	static
../Core/Src/main.c:445:6:Delay_ErrorHandler	56	static
../Core/Src/main.c:454:6:UART_Init	8	static
../Core/Src/main.c:478:6:UART_Send	24	static
../Core/Src/main.c:493:6:UART_Receive	24	static
../Core/Src/main.c:502:6:USART1_IRQHandler	16	static
../Core/Src/main.c:527:6:CAN_Init	8	static
../Core/Src/main.c:583:6:CAN_Transmit	32	static
../Core/Src/main.c:646:6:CAN_Receive	32	static
../Core/Src/main.c:678:6:CAN_ErrorHandler	152	static
../Core/Src/main.c:737:6:make_pretty_colors	40	static
../Core/Src/main.c:755:6:make_light_patterns	32	static
../Core/Src/main.c:825:6:Error_Handler	4	static,ignoring_inline_asm
